Stack Allocation = 8192 bytes

 Start  Stop   Length Name                   Class
 00000H 02F3DH 02F3EH MECHS_TEXT             CODE
 02F3EH 0334FH 00412H GRAPH1_TEXT            CODE
 03350H 03B30H 007E1H GRAPH4_TEXT            CODE
 03B32H 046BEH 00B8DH GRAPH6_TEXT            CODE
 046C0H 04A02H 00343H GRAPH9_TEXT            CODE
 04A04H 08DEAH 043E7H _TEXT                  CODE
 08DF0H 0B4EFH 02700H EMULATOR_TEXT          CODE
 0B4F0H 0B4F0H 00000H C_ETEXT                ENDCODE
 0B4F0H 0B65FH 00170H EMULATOR_DATA          FAR_DATA
 0B660H 0B6A1H 00042H NULL                   BEGDATA
 0B6A2H 0C543H 00EA2H _DATA                  DATA
 0C544H 0C545H 00002H XIQC                   DATA
 0C546H 0C551H 0000CH DBDATA                 DATA
 0C552H 0C55FH 0000EH CDATA                  DATA
 0C560H 0C560H 00000H XIB                    DATA
 0C560H 0C56BH 0000CH XI                     DATA
 0C56CH 0C56CH 00000H XIE                    DATA
 0C56CH 0C56CH 00000H XIFB                   DATA
 0C56CH 0C56CH 00000H XIF                    DATA
 0C56CH 0C56CH 00000H XIFE                   DATA
 0C56CH 0C56CH 00000H XPB                    DATA
 0C56CH 0C56FH 00004H XP                     DATA
 0C570H 0C570H 00000H XPE                    DATA
 0C570H 0C570H 00000H XCB                    DATA
 0C570H 0C570H 00000H XC                     DATA
 0C570H 0C570H 00000H XCE                    DATA
 0C570H 0C570H 00000H XCFB                   DATA
 0C570H 0C570H 00000H XCFCRT                 DATA
 0C570H 0C570H 00000H XCF                    DATA
 0C570H 0C570H 00000H XCFE                   DATA
 0C570H 0C570H 00000H XIFCB                  DATA
 0C570H 0C570H 00000H XIFU                   DATA
 0C570H 0C570H 00000H XIFL                   DATA
 0C570H 0C570H 00000H XIFM                   DATA
 0C570H 0C570H 00000H XIFCE                  DATA
 0C570H 0C57FH 00010H CONST                  CONST
 0C580H 0C587H 00008H HDR                    MSG
 0C588H 0C767H 001E0H MSG                    MSG
 0C768H 0C769H 00002H PAD                    MSG
 0C76AH 0C76AH 00001H EPAD                   MSG
 0C76CH 0C79DH 00032H _BSS                   BSS
 0C79EH 0C79EH 00000H XOB                    BSS
 0C79EH 0C79EH 00000H XO                     BSS
 0C79EH 0C79EH 00000H XOE                    BSS
 0C79EH 0C79EH 00000H XOFB                   BSS
 0C79EH 0C79EH 00000H XOF                    BSS
 0C79EH 0C79EH 00000H XOFE                   BSS
 0C7A0H 0E423H 01C84H c_common               BSS
 0E430H 1042FH 02000H STACK                  STACK

 Origin   Group
 0B66:0   DGROUP

Program entry point at 04A0:0014
