Stack Allocation = 8192 bytes

 Start  Stop   Length Name                   Class
 00000H 00199H 0019AH RED_TEXT               CODE
 0019AH 005ABH 00412H GRAPH1_TEXT            CODE
 005ACH 00E89H 008DEH _TEXT                  CODE
 00E90H 00E91H 00002H EMULATOR_TEXT          CODE
 00E92H 00E92H 00000H C_ETEXT                ENDCODE
 00EA0H 00EA0H 00000H EMULATOR_DATA          FAR_DATA
 00EA0H 00EE1H 00042H NULL                   BEGDATA
 00EE2H 00F85H 000A4H _DATA                  DATA
 00F86H 00F87H 00002H XIQC                   DATA
 00F88H 00F93H 0000CH DBDATA                 DATA
 00F94H 00FA1H 0000EH CDATA                  DATA
 00FA2H 00FA2H 00000H XIFB                   DATA
 00FA2H 00FA2H 00000H XIF                    DATA
 00FA2H 00FA2H 00000H XIFE                   DATA
 00FA2H 00FA2H 00000H XIB                    DATA
 00FA2H 00FA2H 00000H XI                     DATA
 00FA2H 00FA2H 00000H XIE                    DATA
 00FA2H 00FA2H 00000H XPB                    DATA
 00FA2H 00FA2H 00000H XP                     DATA
 00FA2H 00FA2H 00000H XPE                    DATA
 00FA2H 00FA2H 00000H XCB                    DATA
 00FA2H 00FA2H 00000H XC                     DATA
 00FA2H 00FA2H 00000H XCE                    DATA
 00FA2H 00FA2H 00000H XCFB                   DATA
 00FA2H 00FA2H 00000H XCFCRT                 DATA
 00FA2H 00FA2H 00000H XCF                    DATA
 00FA2H 00FA2H 00000H XCFE                   DATA
 00FA2H 00FA2H 00000H XIFCB                  DATA
 00FA2H 00FA2H 00000H XIFU                   DATA
 00FA2H 00FA2H 00000H XIFL                   DATA
 00FA2H 00FA2H 00000H XIFM                   DATA
 00FA2H 00FA2H 00000H XIFCE                  DATA
 00FA2H 00FA2H 00000H CONST                  CONST
 00FA2H 00FA9H 00008H HDR                    MSG
 00FAAH 0107FH 000D6H MSG                    MSG
 01080H 01081H 00002H PAD                    MSG
 01082H 01082H 00001H EPAD                   MSG
 01084H 01084H 00000H _BSS                   BSS
 01084H 01084H 00000H XOB                    BSS
 01084H 01084H 00000H XO                     BSS
 01084H 01084H 00000H XOE                    BSS
 01084H 01084H 00000H XOFB                   BSS
 01084H 01084H 00000H XOF                    BSS
 01084H 01084H 00000H XOFE                   BSS
 01090H 0308FH 02000H STACK                  STACK

 Origin   Group
 00EA:0   DGROUP

Program entry point at 005A:001C
