Stack Allocation = 8192 bytes

 Start  Stop   Length Name                   Class
 00000H 00809H 0080AH ATTANK_TEXT            CODE
 0080AH 00C1BH 00412H GRAPH1_TEXT            CODE
 00C1CH 013FCH 007E1H GRAPH4_TEXT            CODE
 013FEH 01978H 0057BH BETTER4_TEXT           CODE
 0197AH 051D0H 03857H _TEXT                  CODE
 051E0H 078DFH 02700H EMULATOR_TEXT          CODE
 078E0H 078E0H 00000H C_ETEXT                ENDCODE
 078E0H 07A4FH 00170H EMULATOR_DATA          FAR_DATA
 07A50H 07A91H 00042H NULL                   BEGDATA
 07A92H 080C3H 00632H _DATA                  DATA
 080C4H 080C5H 00002H XIQC                   DATA
 080C6H 080D1H 0000CH DBDATA                 DATA
 080D2H 080DFH 0000EH CDATA                  DATA
 080E0H 080E0H 00000H XIB                    DATA
 080E0H 080EBH 0000CH XI                     DATA
 080ECH 080ECH 00000H XIE                    DATA
 080ECH 080ECH 00000H XIFB                   DATA
 080ECH 080ECH 00000H XIF                    DATA
 080ECH 080ECH 00000H XIFE                   DATA
 080ECH 080ECH 00000H XPB                    DATA
 080ECH 080EFH 00004H XP                     DATA
 080F0H 080F0H 00000H XPE                    DATA
 080F0H 080F0H 00000H XCB                    DATA
 080F0H 080F0H 00000H XC                     DATA
 080F0H 080F0H 00000H XCE                    DATA
 080F0H 080F0H 00000H XCFB                   DATA
 080F0H 080F0H 00000H XCFCRT                 DATA
 080F0H 080F0H 00000H XCF                    DATA
 080F0H 080F0H 00000H XCFE                   DATA
 080F0H 080F0H 00000H XIFCB                  DATA
 080F0H 080F0H 00000H XIFU                   DATA
 080F0H 080F0H 00000H XIFL                   DATA
 080F0H 080F0H 00000H XIFM                   DATA
 080F0H 080F0H 00000H XIFCE                  DATA
 080F0H 0810BH 0001CH CONST                  CONST
 0810CH 08113H 00008H HDR                    MSG
 08114H 082F3H 001E0H MSG                    MSG
 082F4H 082F5H 00002H PAD                    MSG
 082F6H 082F6H 00001H EPAD                   MSG
 082F8H 08311H 0001AH _BSS                   BSS
 08312H 08312H 00000H XOB                    BSS
 08312H 08312H 00000H XO                     BSS
 08312H 08312H 00000H XOE                    BSS
 08312H 08312H 00000H XOFB                   BSS
 08312H 08312H 00000H XOF                    BSS
 08312H 08312H 00000H XOFE                   BSS
 08320H 0A31FH 02000H STACK                  STACK

 Origin   Group
 07A5:0   DGROUP

Program entry point at 0197:001A
