Stack Allocation = 8192 bytes

 Start  Stop   Length Name                   Class
 00000H 00125H 00126H PSPRITE_TEXT           CODE
 00126H 00906H 007E1H GRAPH4_TEXT            CODE
 00908H 00E82H 0057BH BETTER4_TEXT           CODE
 00E84H 01295H 00412H GRAPH1_TEXT            CODE
 01296H 03B56H 028C1H _TEXT                  CODE
 03B60H 03B61H 00002H EMULATOR_TEXT          CODE
 03B62H 03B62H 00000H C_ETEXT                ENDCODE
 03B70H 03B70H 00000H EMULATOR_DATA          FAR_DATA
 03B70H 03BB1H 00042H NULL                   BEGDATA
 03BB2H 03FC5H 00414H _DATA                  DATA
 03FC6H 03FC7H 00002H XIQC                   DATA
 03FC8H 03FD3H 0000CH DBDATA                 DATA
 03FD4H 03FE1H 0000EH CDATA                  DATA
 03FE2H 03FE2H 00000H XIFB                   DATA
 03FE2H 03FE2H 00000H XIF                    DATA
 03FE2H 03FE2H 00000H XIFE                   DATA
 03FE2H 03FE2H 00000H XIB                    DATA
 03FE2H 03FE2H 00000H XI                     DATA
 03FE2H 03FE2H 00000H XIE                    DATA
 03FE2H 03FE2H 00000H XPB                    DATA
 03FE2H 03FE5H 00004H XP                     DATA
 03FE6H 03FE6H 00000H XPE                    DATA
 03FE6H 03FE6H 00000H XCB                    DATA
 03FE6H 03FE6H 00000H XC                     DATA
 03FE6H 03FE6H 00000H XCE                    DATA
 03FE6H 03FE6H 00000H XCFB                   DATA
 03FE6H 03FE6H 00000H XCFCRT                 DATA
 03FE6H 03FE6H 00000H XCF                    DATA
 03FE6H 03FE6H 00000H XCFE                   DATA
 03FE6H 03FE6H 00000H XIFCB                  DATA
 03FE6H 03FE6H 00000H XIFU                   DATA
 03FE6H 03FE6H 00000H XIFL                   DATA
 03FE6H 03FE6H 00000H XIFM                   DATA
 03FE6H 03FE6H 00000H XIFCE                  DATA
 03FE6H 03FE6H 00000H CONST                  CONST
 03FE6H 03FEDH 00008H HDR                    MSG
 03FEEH 040C3H 000D6H MSG                    MSG
 040C4H 040C5H 00002H PAD                    MSG
 040C6H 040C6H 00001H EPAD                   MSG
 040C8H 040C8H 00000H _BSS                   BSS
 040C8H 040C8H 00000H XOB                    BSS
 040C8H 040C8H 00000H XO                     BSS
 040C8H 040C8H 00000H XOE                    BSS
 040C8H 040C8H 00000H XOFB                   BSS
 040C8H 040C8H 00000H XOF                    BSS
 040C8H 040C8H 00000H XOFE                   BSS
 040D0H 060CFH 02000H STACK                  STACK

 Origin   Group
 03B7:0   DGROUP

Program entry point at 0129:0016
